  Determining projects to restore...
  All projects are up-to-date for restore.
C:\Users\annes\desafioRevOps\REVOPS.DevChallenge\Components\Routes.razor(3,64): error CS0246: The type or namespace name 'Layout' could not be found (are you missing a using directive or an assembly reference?) [C:\Users\annes\desafioRevOps\REVOPS.DevChallenge\REVOPS.DevChallenge.csproj]
C:\Users\annes\desafioRevOps\REVOPS.DevChallenge\obj\Debug\net10.0\Microsoft.CodeAnalysis.Razor.Compiler\Microsoft.NET.Sdk.Razor.SourceGenerators.RazorSourceGenerator\Components_Routes_razor.g.cs(105,171): error CS1662: Cannot convert lambda expression to intended delegate type because some of the return types in the block are not implicitly convertible to the delegate return type [C:\Users\annes\desafioRevOps\REVOPS.DevChallenge\REVOPS.DevChallenge.csproj]

Build FAILED.

C:\Users\annes\desafioRevOps\REVOPS.DevChallenge\Components\Routes.razor(3,64): error CS0246: The type or namespace name 'Layout' could not be found (are you missing a using directive or an assembly reference?) [C:\Users\annes\desafioRevOps\REVOPS.DevChallenge\REVOPS.DevChallenge.csproj]
C:\Users\annes\desafioRevOps\REVOPS.DevChallenge\obj\Debug\net10.0\Microsoft.CodeAnalysis.Razor.Compiler\Microsoft.NET.Sdk.Razor.SourceGenerators.RazorSourceGenerator\Components_Routes_razor.g.cs(105,171): error CS1662: Cannot convert lambda expression to intended delegate type because some of the return types in the block are not implicitly convertible to the delegate return type [C:\Users\annes\desafioRevOps\REVOPS.DevChallenge\REVOPS.DevChallenge.csproj]
    0 Warning(s)
    2 Error(s)

Time Elapsed 00:00:02.85
